[03:27:40.307] [INFO] [36mInitializing Storybook[39m
[03:27:40.314] [DEBUG] Getting package.json info for /tmp/360cc1a611e46151eeed451d207ac2fd/package.json...
[03:27:40.314] [INFO] Package manager: Yarn Classic (v1)
[03:27:40.315] [DEBUG] Getting CLI versions from NPM for storybook...
[03:27:40.315] [DEBUG] Executing command: yarn info storybook version --json
[03:27:40.654] [WARN] This is a pre-release version: 10.6.0-alpha.4
[03:27:40.655] [DEBUG] Using cached package.json for /tmp/360cc1a611e46151eeed451d207ac2fd/package.json...
[03:27:40.655] [DEBUG] Project type detected: react
[03:27:40.656] [DEBUG] Using cached package.json for /tmp/360cc1a611e46151eeed451d207ac2fd/package.json...
[03:27:40.656] [DEBUG] Using cached package.json for /tmp/360cc1a611e46151eeed451d207ac2fd/package.json...
[03:27:40.656] [INFO] Framework detected: react-webpack5
[03:27:40.656] [DEBUG] Getting installed version for vitest...
[03:27:40.657] [DEBUG] Executing command: yarn list --pattern "vitest" --json --recursive vitest
[03:27:45.853] [DEBUG] No installations found for vitest
[03:27:45.853] [DEBUG] Getting installed version for msw...
[03:27:45.853] [DEBUG] Executing command: yarn list --pattern "msw" --json --recursive msw
[03:27:51.956] [DEBUG] No installations found for msw
[03:27:51.960] [DEBUG] Using cached package.json for /tmp/360cc1a611e46151eeed451d207ac2fd/package.json...
[03:27:51.960] [DEBUG] Using cached version for storybook...
[03:27:51.960] [DEBUG] Getting CLI versions from NPM for @storybook/react-webpack5...
[03:27:51.960] [DEBUG] Executing command: yarn info @storybook/react-webpack5 version --json
[03:27:51.964] [DEBUG] Getting CLI versions from NPM for @storybook/addon-webpack5-compiler-swc...
[03:27:51.964] [DEBUG] Executing command: yarn info @storybook/addon-webpack5-compiler-swc version --json
[03:27:51.967] [DEBUG] Getting CLI versions from NPM for @storybook/addon-a11y...
[03:27:51.967] [DEBUG] Executing command: yarn info @storybook/addon-a11y version --json
[03:27:51.971] [DEBUG] Getting CLI versions from NPM for @storybook/addon-docs...
[03:27:51.971] [DEBUG] Executing command: yarn info @storybook/addon-docs version --json
[03:27:51.976] [DEBUG] Getting CLI versions from NPM for @storybook/addon-onboarding...
[03:27:51.976] [DEBUG] Executing command: yarn info @storybook/addon-onboarding version --json
[03:27:52.675] [INFO] - Configuring main.ts
[03:27:52.676] [INFO] - Configuring preview.ts
[03:27:52.677] [INFO] - Adding Storybook command to package.json
[03:27:52.677] [DEBUG] Getting package.json info for /tmp/360cc1a611e46151eeed451d207ac2fd/package.json...
[03:27:52.677] [DEBUG] Using cached package.json for /tmp/360cc1a611e46151eeed451d207ac2fd/package.json...
[03:27:52.677] [DEBUG] Using cached package.json for /tmp/360cc1a611e46151eeed451d207ac2fd/package.json...
[03:27:52.678] [INFO] - Copying framework templates
[03:27:52.689] [INFO] Storybook configuration generated
[03:27:52.689] [INFO] Adding devDependencies:
- storybook@^10.6.0-alpha.4
- @storybook/react-webpack5@^10.6.0-alpha.4
- @storybook/addon-webpack5-compiler-swc@^4.0.3
- @storybook/addon-a11y@^10.6.0-alpha.4
- @storybook/addon-docs@^10.6.0-alpha.4
- @storybook/addon-onboarding@^10.6.0-alpha.4
[03:27:52.690] [DEBUG] Using cached package.json for /tmp/360cc1a611e46151eeed451d207ac2fd/package.json...
[03:27:52.690] [DEBUG] Using cached version for storybook...
[03:27:52.690] [DEBUG] Using cached version for @storybook/react-webpack5...
[03:27:52.690] [DEBUG] Using cached version for @storybook/addon-webpack5-compiler-swc...
[03:27:52.690] [DEBUG] Using cached version for @storybook/addon-a11y...
[03:27:52.690] [DEBUG] Using cached version for @storybook/addon-docs...
[03:27:52.690] [DEBUG] Using cached version for @storybook/addon-onboarding...
[03:27:52.690] [DEBUG] Using cached package.json for /tmp/360cc1a611e46151eeed451d207ac2fd/package.json...
[03:27:52.690] [INFO] Dependencies added to package.json
[03:27:52.690] [INFO] Installing dependencies...
[03:27:52.691] [INFO] Installing dependencies...
[03:27:52.691] [DEBUG] Executing command: yarn install
[03:27:52.971] [INFO] Installing dependencies...: yarn install v1.22.22

[03:27:52.971] [INFO] Installing dependencies...: yarn install v1.22.22
[03:27:52.994] [INFO] Installing dependencies...: [1/4] Resolving packages...

[03:27:52.994] [INFO] Installing dependencies...: [1/4] Resolving packages.
[03:27:58.527] [INFO] Installing dependencies...: [2/4] Fetching packages...

[03:27:58.527] [INFO] Installing dependencies...: [2/4] Fetching packages..
[03:27:58.997] [INFO] Installing dependencies...: [3/4] Linking dependencies...

[03:27:58.997] [INFO] Installing dependencies...: [3/4] Linking dependencie
[03:28:01.989] [INFO] Installing dependencies...: [4/4] Building fresh packages...

[03:28:01.989] [INFO] Installing dependencies...: [4/4] Building fresh pack
[03:28:02.115] [INFO] Installing dependencies...: success Saved lockfile.

[03:28:02.115] [INFO] Installing dependencies...: success Saved lockfile.
[03:28:02.118] [INFO] Installing dependencies...: Done in 9.15s.

[03:28:02.118] [INFO] Installing dependencies...: Done in 9.15s.
[03:28:02.173] [INFO] Dependencies installed
[03:28:02.173] [INFO] Dependencies installed
[03:28:02.174] [INFO] Configuring @storybook/addon-a11y...
[03:28:02.175] [DEBUG] Executing command: yarn exec storybook -- automigrate addon-a11y-addon-test --loglevel silent --skip-doctor --yes --package-manager yarn1 --config-dir .storybook
[03:28:03.157] [DEBUG] {
  "shortMessage": "Command failed with exit code 1: yarn exec storybook -- automigrate addon-a11y-addon-test --loglevel silent --skip-doctor --yes --package-manager yarn1 --config-dir .storybook",
  "command": "yarn exec storybook -- automigrate addon-a11y-addon-test --loglevel silent --skip-doctor --yes --package-manager yarn1 --config-dir .storybook",
  "escapedCommand": "yarn exec storybook -- automigrate addon-a11y-addon-test --loglevel silent --skip-doctor --yes --package-manager yarn1 --config-dir .storybook",
  "cwd": "/tmp/360cc1a611e46151eeed451d207ac2fd",
  "durationMs": 982.366449,
  "failed": true,
  "timedOut": false,
  "isCanceled": false,
  "isGracefullyCanceled": false,
  "isTerminated": false,
  "isMaxBuffer": false,
  "isForcefullyTerminated": false,
  "exitCode": 1,
  "stdout": "yarn exec v1.22.22\nyarn run v1.22.22\ninfo Visit https://yarnpkg.com/en/docs/cli/run for documentation about this command.\ninfo Visit https://yarnpkg.com/en/docs/cli/exec for documentation about this command.",
  "stderr": "error Command \"dlx\" not found.\nerror Command failed.\nExit code: 1\nCommand: storybook\nArguments: automigrate addon-a11y-addon-test --loglevel silent --skip-doctor --yes --package-manager yarn1 --config-dir .storybook\nDirectory: /tmp/360cc1a611e46151eeed451d207ac2fd\nOutput:\n",
  "stdio": [
    null,
    "yarn exec v1.22.22\nyarn run v1.22.22\ninfo Visit https://yarnpkg.com/en/docs/cli/run for documentation about this command.\ninfo Visit https://yarnpkg.com/en/docs/cli/exec for documentation about this command.",
    "error Command \"dlx\" not found.\nerror Command failed.\nExit code: 1\nCommand: storybook\nArguments: automigrate addon-a11y-addon-test --loglevel silent --skip-doctor --yes --package-manager yarn1 --config-dir .storybook\nDirectory: /tmp/360cc1a611e46151eeed451d207ac2fd\nOutput:\n"
  ],
  "ipcOutput": [],
  "pipedFrom": []
}
[03:28:03.157] [INFO] Configuring @storybook/addon-docs...
[03:28:03.181] [WARN] Could not resolve the postinstall hook of @storybook/addon-docs, skipping its configuration. Run `npx storybook add @storybook/addon-docs` to set it up manually.
[03:28:03.182] [INFO] @storybook/addon-docs configured

[03:28:03.182] [INFO] Configuring @storybook/addon-onboarding...
[03:28:03.205] [WARN] Could not resolve the postinstall hook of @storybook/addon-onboarding, skipping its configuration. Run `npx storybook add @storybook/addon-onboarding` to set it up manually.
[03:28:03.206] [INFO] @storybook/addon-onboarding configured

[03:28:03.206] [INFO] Failed to configure addons
[03:28:03.206] [INFO] [2m❌ @storybook/addon-a11y[22m
[03:28:03.207] [INFO] [2m✅ @storybook/addon-docs[22m
[03:28:03.207] [INFO] [2m✅ @storybook/addon-onboarding[22m
[03:28:03.208] [WARN] Storybook setup completed, but some non-blocking errors occurred. Please check the log file below for details.
[03:28:03.208] [INFO] To run Storybook, run [36myarn storybook[39m. CTRL+C to stop.
[03:28:03.208] [INFO] Want to learn more about Storybook? [36mhttps://storybook.js.org/[39m
Having trouble or want to chat? [36mhttps://discord.gg/storybook/[39m