[03:57:24.400] [INFO] [36mInitializing Storybook[39m
[03:57:24.408] [DEBUG] Getting package.json info for /tmp/339e2f5eba46ed75f08fba2cd103ee26/package.json...
[03:57:24.408] [INFO] Package manager: Yarn Classic (v1)
[03:57:24.409] [DEBUG] Getting CLI versions from NPM for storybook...
[03:57:24.409] [DEBUG] Executing command: yarn info storybook version --json
[03:57:24.839] [WARN] This is a pre-release version: 10.6.0-alpha.3
[03:57:24.840] [DEBUG] Using cached package.json for /tmp/339e2f5eba46ed75f08fba2cd103ee26/package.json...
[03:57:24.841] [DEBUG] Project type detected: react
[03:57:24.841] [DEBUG] Using cached package.json for /tmp/339e2f5eba46ed75f08fba2cd103ee26/package.json...
[03:57:24.841] [DEBUG] Using cached package.json for /tmp/339e2f5eba46ed75f08fba2cd103ee26/package.json...
[03:57:24.842] [INFO] Framework detected: react-webpack5
[03:57:24.842] [DEBUG] Getting installed version for vitest...
[03:57:24.843] [DEBUG] Executing command: yarn list --pattern "vitest" --json --recursive vitest
[03:57:30.752] [DEBUG] No installations found for vitest
[03:57:30.752] [DEBUG] Getting installed version for msw...
[03:57:30.752] [DEBUG] Executing command: yarn list --pattern "msw" --json --recursive msw
[03:57:36.370] [DEBUG] No installations found for msw
[03:57:36.376] [DEBUG] Using cached package.json for /tmp/339e2f5eba46ed75f08fba2cd103ee26/package.json...
[03:57:36.376] [DEBUG] Using cached version for storybook...
[03:57:36.376] [DEBUG] Getting CLI versions from NPM for @storybook/react-webpack5...
[03:57:36.376] [DEBUG] Executing command: yarn info @storybook/react-webpack5 version --json
[03:57:36.380] [DEBUG] Getting CLI versions from NPM for @storybook/addon-webpack5-compiler-swc...
[03:57:36.380] [DEBUG] Executing command: yarn info @storybook/addon-webpack5-compiler-swc version --json
[03:57:36.384] [DEBUG] Getting CLI versions from NPM for @storybook/addon-a11y...
[03:57:36.384] [DEBUG] Executing command: yarn info @storybook/addon-a11y version --json
[03:57:36.388] [DEBUG] Getting CLI versions from NPM for @storybook/addon-docs...
[03:57:36.388] [DEBUG] Executing command: yarn info @storybook/addon-docs version --json
[03:57:36.392] [DEBUG] Getting CLI versions from NPM for @storybook/addon-onboarding...
[03:57:36.392] [DEBUG] Executing command: yarn info @storybook/addon-onboarding version --json
[03:57:37.312] [INFO] - Configuring main.ts
[03:57:37.314] [INFO] - Configuring preview.ts
[03:57:37.315] [INFO] - Adding Storybook command to package.json
[03:57:37.315] [DEBUG] Getting package.json info for /tmp/339e2f5eba46ed75f08fba2cd103ee26/package.json...
[03:57:37.315] [DEBUG] Using cached package.json for /tmp/339e2f5eba46ed75f08fba2cd103ee26/package.json...
[03:57:37.315] [DEBUG] Using cached package.json for /tmp/339e2f5eba46ed75f08fba2cd103ee26/package.json...
[03:57:37.315] [INFO] - Copying framework templates
[03:57:37.330] [INFO] Storybook configuration generated
[03:57:37.330] [INFO] Adding devDependencies:
- storybook@^10.6.0-alpha.3
- @storybook/react-webpack5@^10.6.0-alpha.3
- @storybook/addon-webpack5-compiler-swc@^4.0.3
- @storybook/addon-a11y@^10.6.0-alpha.3
- @storybook/addon-docs@^10.6.0-alpha.3
- @storybook/addon-onboarding@^10.6.0-alpha.3
[03:57:37.331] [DEBUG] Using cached package.json for /tmp/339e2f5eba46ed75f08fba2cd103ee26/package.json...
[03:57:37.331] [DEBUG] Using cached version for storybook...
[03:57:37.331] [DEBUG] Using cached version for @storybook/react-webpack5...
[03:57:37.331] [DEBUG] Using cached version for @storybook/addon-webpack5-compiler-swc...
[03:57:37.331] [DEBUG] Using cached version for @storybook/addon-a11y...
[03:57:37.331] [DEBUG] Using cached version for @storybook/addon-docs...
[03:57:37.331] [DEBUG] Using cached version for @storybook/addon-onboarding...
[03:57:37.331] [DEBUG] Using cached package.json for /tmp/339e2f5eba46ed75f08fba2cd103ee26/package.json...
[03:57:37.332] [INFO] Dependencies added to package.json
[03:57:37.332] [INFO] Installing dependencies...
[03:57:37.332] [INFO] Installing dependencies...
[03:57:37.333] [DEBUG] Executing command: yarn install
[03:57:37.690] [INFO] Installing dependencies...: yarn install v1.22.22

[03:57:37.690] [INFO] Installing dependencies...: yarn install v1.22.22
[03:57:37.721] [INFO] Installing dependencies...: [1/4] Resolving packages...

[03:57:37.721] [INFO] Installing dependencies...: [1/4] Resolving packages.
[03:57:43.164] [INFO] Installing dependencies...: [2/4] Fetching packages...

[03:57:43.164] [INFO] Installing dependencies...: [2/4] Fetching packages..
[03:57:43.658] [INFO] Installing dependencies...: [3/4] Linking dependencies...

[03:57:43.658] [INFO] Installing dependencies...: [3/4] Linking dependencie
[03:57:46.925] [INFO] Installing dependencies...: [4/4] Building fresh packages...

[03:57:46.925] [INFO] Installing dependencies...: [4/4] Building fresh pack
[03:57:47.084] [INFO] Installing dependencies...: success Saved lockfile.

[03:57:47.084] [INFO] Installing dependencies...: success Saved lockfile.
[03:57:47.088] [INFO] Installing dependencies...: Done in 9.40s.

[03:57:47.088] [INFO] Installing dependencies...: Done in 9.40s.
[03:57:47.151] [INFO] Dependencies installed
[03:57:47.151] [INFO] Dependencies installed
[03:57:47.153] [INFO] Configuring @storybook/addon-a11y...
[03:57:47.153] [DEBUG] Executing command: yarn exec storybook -- automigrate addon-a11y-addon-test --loglevel silent --skip-doctor --yes --package-manager yarn1 --config-dir .storybook
[03:57:48.395] [DEBUG] {
  "shortMessage": "Command failed with exit code 1: yarn exec storybook -- automigrate addon-a11y-addon-test --loglevel silent --skip-doctor --yes --package-manager yarn1 --config-dir .storybook",
  "command": "yarn exec storybook -- automigrate addon-a11y-addon-test --loglevel silent --skip-doctor --yes --package-manager yarn1 --config-dir .storybook",
  "escapedCommand": "yarn exec storybook -- automigrate addon-a11y-addon-test --loglevel silent --skip-doctor --yes --package-manager yarn1 --config-dir .storybook",
  "cwd": "/tmp/339e2f5eba46ed75f08fba2cd103ee26",
  "durationMs": 1241.122673,
  "failed": true,
  "timedOut": false,
  "isCanceled": false,
  "isGracefullyCanceled": false,
  "isTerminated": false,
  "isMaxBuffer": false,
  "isForcefullyTerminated": false,
  "exitCode": 1,
  "stdout": "yarn exec v1.22.22\nyarn run v1.22.22\ninfo Visit https://yarnpkg.com/en/docs/cli/run for documentation about this command.\ninfo Visit https://yarnpkg.com/en/docs/cli/exec for documentation about this command.",
  "stderr": "error Command \"dlx\" not found.\nerror Command failed.\nExit code: 1\nCommand: storybook\nArguments: automigrate addon-a11y-addon-test --loglevel silent --skip-doctor --yes --package-manager yarn1 --config-dir .storybook\nDirectory: /tmp/339e2f5eba46ed75f08fba2cd103ee26\nOutput:\n",
  "stdio": [
    null,
    "yarn exec v1.22.22\nyarn run v1.22.22\ninfo Visit https://yarnpkg.com/en/docs/cli/run for documentation about this command.\ninfo Visit https://yarnpkg.com/en/docs/cli/exec for documentation about this command.",
    "error Command \"dlx\" not found.\nerror Command failed.\nExit code: 1\nCommand: storybook\nArguments: automigrate addon-a11y-addon-test --loglevel silent --skip-doctor --yes --package-manager yarn1 --config-dir .storybook\nDirectory: /tmp/339e2f5eba46ed75f08fba2cd103ee26\nOutput:\n"
  ],
  "ipcOutput": [],
  "pipedFrom": []
}
[03:57:48.395] [INFO] Configuring @storybook/addon-docs...
[03:57:48.423] [WARN] Could not resolve the postinstall hook of @storybook/addon-docs, skipping its configuration. Run `npx storybook add @storybook/addon-docs` to set it up manually.
[03:57:48.425] [INFO] @storybook/addon-docs configured

[03:57:48.425] [INFO] Configuring @storybook/addon-onboarding...
[03:57:48.453] [WARN] Could not resolve the postinstall hook of @storybook/addon-onboarding, skipping its configuration. Run `npx storybook add @storybook/addon-onboarding` to set it up manually.
[03:57:48.454] [INFO] @storybook/addon-onboarding configured

[03:57:48.455] [INFO] Failed to configure addons
[03:57:48.455] [INFO] [2m❌ @storybook/addon-a11y[22m
[03:57:48.456] [INFO] [2m✅ @storybook/addon-docs[22m
[03:57:48.457] [INFO] [2m✅ @storybook/addon-onboarding[22m
[03:57:48.457] [WARN] Storybook setup completed, but some non-blocking errors occurred. Please check the log file below for details.
[03:57:48.458] [INFO] To run Storybook, run [36myarn storybook[39m. CTRL+C to stop.
[03:57:48.459] [INFO] Want to learn more about Storybook? [36mhttps://storybook.js.org/[39m
Having trouble or want to chat? [36mhttps://discord.gg/storybook/[39m