[03:36:43.337] [INFO] [36mInitializing Storybook[39m
[03:36:43.343] [DEBUG] Getting package.json info for /tmp/67def43c889686e78bc0cece58c5f4de/package.json...
[03:36:43.343] [INFO] Package manager: Yarn Classic (v1)
[03:36:43.344] [DEBUG] Getting CLI versions from NPM for storybook...
[03:36:43.344] [DEBUG] Executing command: yarn info storybook version --json
[03:36:43.704] [WARN] This is a pre-release version: 10.6.0-alpha.3
[03:36:43.705] [DEBUG] Using cached package.json for /tmp/67def43c889686e78bc0cece58c5f4de/package.json...
[03:36:43.705] [DEBUG] Project type detected: react
[03:36:43.705] [DEBUG] Using cached package.json for /tmp/67def43c889686e78bc0cece58c5f4de/package.json...
[03:36:43.706] [DEBUG] Using cached package.json for /tmp/67def43c889686e78bc0cece58c5f4de/package.json...
[03:36:43.706] [INFO] Framework detected: react-webpack5
[03:36:43.706] [DEBUG] Getting installed version for vitest...
[03:36:43.707] [DEBUG] Executing command: yarn list --pattern "vitest" --json --recursive vitest
[03:36:56.976] [DEBUG] No installations found for vitest
[03:36:56.976] [DEBUG] Getting installed version for msw...
[03:36:56.976] [DEBUG] Executing command: yarn list --pattern "msw" --json --recursive msw
[03:37:10.289] [DEBUG] No installations found for msw
[03:37:10.294] [DEBUG] Using cached package.json for /tmp/67def43c889686e78bc0cece58c5f4de/package.json...
[03:37:10.294] [DEBUG] Using cached version for storybook...
[03:37:10.294] [DEBUG] Getting CLI versions from NPM for @storybook/react-webpack5...
[03:37:10.294] [DEBUG] Executing command: yarn info @storybook/react-webpack5 version --json
[03:37:10.297] [DEBUG] Getting CLI versions from NPM for @storybook/addon-webpack5-compiler-swc...
[03:37:10.297] [DEBUG] Executing command: yarn info @storybook/addon-webpack5-compiler-swc version --json
[03:37:10.301] [DEBUG] Getting CLI versions from NPM for @storybook/addon-a11y...
[03:37:10.301] [DEBUG] Executing command: yarn info @storybook/addon-a11y version --json
[03:37:10.304] [DEBUG] Getting CLI versions from NPM for @storybook/addon-docs...
[03:37:10.304] [DEBUG] Executing command: yarn info @storybook/addon-docs version --json
[03:37:10.310] [DEBUG] Getting CLI versions from NPM for @storybook/addon-onboarding...
[03:37:10.310] [DEBUG] Executing command: yarn info @storybook/addon-onboarding version --json
[03:37:10.989] [INFO] - Configuring main.ts
[03:37:10.990] [INFO] - Configuring preview.ts
[03:37:10.991] [INFO] - Adding Storybook command to package.json
[03:37:10.992] [DEBUG] Getting package.json info for /tmp/67def43c889686e78bc0cece58c5f4de/package.json...
[03:37:10.992] [DEBUG] Using cached package.json for /tmp/67def43c889686e78bc0cece58c5f4de/package.json...
[03:37:10.992] [DEBUG] Using cached package.json for /tmp/67def43c889686e78bc0cece58c5f4de/package.json...
[03:37:10.992] [INFO] - Copying framework templates
[03:37:11.002] [INFO] Storybook configuration generated
[03:37:11.003] [INFO] Adding devDependencies:
- storybook@^10.6.0-alpha.3
- @storybook/react-webpack5@^10.6.0-alpha.3
- @storybook/addon-webpack5-compiler-swc@^4.0.3
- @storybook/addon-a11y@^10.6.0-alpha.3
- @storybook/addon-docs@^10.6.0-alpha.3
- @storybook/addon-onboarding@^10.6.0-alpha.3
[03:37:11.004] [DEBUG] Using cached package.json for /tmp/67def43c889686e78bc0cece58c5f4de/package.json...
[03:37:11.004] [DEBUG] Using cached version for storybook...
[03:37:11.004] [DEBUG] Using cached version for @storybook/react-webpack5...
[03:37:11.004] [DEBUG] Using cached version for @storybook/addon-webpack5-compiler-swc...
[03:37:11.004] [DEBUG] Using cached version for @storybook/addon-a11y...
[03:37:11.004] [DEBUG] Using cached version for @storybook/addon-docs...
[03:37:11.004] [DEBUG] Using cached version for @storybook/addon-onboarding...
[03:37:11.004] [DEBUG] Using cached package.json for /tmp/67def43c889686e78bc0cece58c5f4de/package.json...
[03:37:11.027] [INFO] Dependencies added to package.json
[03:37:11.028] [INFO] Installing dependencies...
[03:37:11.028] [INFO] Installing dependencies...
[03:37:11.028] [DEBUG] Executing command: yarn install
[03:37:11.317] [INFO] Installing dependencies...: yarn install v1.22.22

[03:37:11.317] [INFO] Installing dependencies...: yarn install v1.22.22
[03:37:11.340] [INFO] Installing dependencies...: [1/4] Resolving packages...

[03:37:11.340] [INFO] Installing dependencies...: [1/4] Resolving packages.
[03:37:24.859] [INFO] Installing dependencies...: [2/4] Fetching packages...

[03:37:24.859] [INFO] Installing dependencies...: [2/4] Fetching packages..
[03:37:29.103] [INFO] Installing dependencies...: [3/4] Linking dependencies...

[03:37:29.103] [INFO] Installing dependencies...: [3/4] Linking dependencie
[03:37:33.467] [INFO] Installing dependencies...: [4/4] Building fresh packages...

[03:37:33.467] [INFO] Installing dependencies...: [4/4] Building fresh pack
[03:37:33.591] [INFO] Installing dependencies...: success Saved lockfile.

[03:37:33.591] [INFO] Installing dependencies...: success Saved lockfile.
[03:37:33.594] [INFO] Installing dependencies...: Done in 22.28s.

[03:37:33.594] [INFO] Installing dependencies...: Done in 22.28s.
[03:37:33.651] [INFO] Dependencies installed
[03:37:33.651] [INFO] Dependencies installed
[03:37:33.652] [INFO] Configuring @storybook/addon-a11y...
[03:37:33.652] [DEBUG] Executing command: yarn exec storybook -- automigrate addon-a11y-addon-test --loglevel silent --skip-doctor --yes --package-manager yarn1 --config-dir .storybook
[03:37:34.638] [DEBUG] {
  "shortMessage": "Command failed with exit code 1: yarn exec storybook -- automigrate addon-a11y-addon-test --loglevel silent --skip-doctor --yes --package-manager yarn1 --config-dir .storybook",
  "command": "yarn exec storybook -- automigrate addon-a11y-addon-test --loglevel silent --skip-doctor --yes --package-manager yarn1 --config-dir .storybook",
  "escapedCommand": "yarn exec storybook -- automigrate addon-a11y-addon-test --loglevel silent --skip-doctor --yes --package-manager yarn1 --config-dir .storybook",
  "cwd": "/tmp/67def43c889686e78bc0cece58c5f4de",
  "durationMs": 985.024636,
  "failed": true,
  "timedOut": false,
  "isCanceled": false,
  "isGracefullyCanceled": false,
  "isTerminated": false,
  "isMaxBuffer": false,
  "isForcefullyTerminated": false,
  "exitCode": 1,
  "stdout": "yarn exec v1.22.22\nyarn run v1.22.22\ninfo Visit https://yarnpkg.com/en/docs/cli/run for documentation about this command.\ninfo Visit https://yarnpkg.com/en/docs/cli/exec for documentation about this command.",
  "stderr": "error Command \"dlx\" not found.\nerror Command failed.\nExit code: 1\nCommand: storybook\nArguments: automigrate addon-a11y-addon-test --loglevel silent --skip-doctor --yes --package-manager yarn1 --config-dir .storybook\nDirectory: /tmp/67def43c889686e78bc0cece58c5f4de\nOutput:\n",
  "stdio": [
    null,
    "yarn exec v1.22.22\nyarn run v1.22.22\ninfo Visit https://yarnpkg.com/en/docs/cli/run for documentation about this command.\ninfo Visit https://yarnpkg.com/en/docs/cli/exec for documentation about this command.",
    "error Command \"dlx\" not found.\nerror Command failed.\nExit code: 1\nCommand: storybook\nArguments: automigrate addon-a11y-addon-test --loglevel silent --skip-doctor --yes --package-manager yarn1 --config-dir .storybook\nDirectory: /tmp/67def43c889686e78bc0cece58c5f4de\nOutput:\n"
  ],
  "ipcOutput": [],
  "pipedFrom": []
}
[03:37:34.638] [INFO] Configuring @storybook/addon-docs...
[03:37:34.661] [WARN] Could not resolve the postinstall hook of @storybook/addon-docs, skipping its configuration. Run `npx storybook add @storybook/addon-docs` to set it up manually.
[03:37:34.662] [INFO] @storybook/addon-docs configured

[03:37:34.662] [INFO] Configuring @storybook/addon-onboarding...
[03:37:34.685] [WARN] Could not resolve the postinstall hook of @storybook/addon-onboarding, skipping its configuration. Run `npx storybook add @storybook/addon-onboarding` to set it up manually.
[03:37:34.686] [INFO] @storybook/addon-onboarding configured

[03:37:34.686] [INFO] Failed to configure addons
[03:37:34.686] [INFO] [2m❌ @storybook/addon-a11y[22m
[03:37:34.687] [INFO] [2m✅ @storybook/addon-docs[22m
[03:37:34.687] [INFO] [2m✅ @storybook/addon-onboarding[22m
[03:37:34.688] [WARN] Storybook setup completed, but some non-blocking errors occurred. Please check the log file below for details.
[03:37:34.688] [INFO] To run Storybook, run [36myarn storybook[39m. CTRL+C to stop.
[03:37:34.688] [INFO] Want to learn more about Storybook? [36mhttps://storybook.js.org/[39m
Having trouble or want to chat? [36mhttps://discord.gg/storybook/[39m