[03:56:35.262] [INFO] [36mInitializing Storybook[39m
[03:56:35.270] [DEBUG] Getting package.json info for /tmp/475415216c9dd67068b66b70c35a4fc2/package.json...
[03:56:35.270] [INFO] Package manager: Yarn Classic (v1)
[03:56:35.271] [DEBUG] Getting CLI versions from NPM for storybook...
[03:56:35.272] [DEBUG] Executing command: yarn info storybook version --json
[03:56:35.698] [WARN] This is a pre-release version: 10.6.0-alpha.3
[03:56:35.699] [INFO] Installing Storybook for user specified project type: server
[03:56:35.700] [DEBUG] Using cached package.json for /tmp/475415216c9dd67068b66b70c35a4fc2/package.json...
[03:56:35.700] [INFO] Framework detected: server-webpack5
[03:56:35.701] [DEBUG] Getting installed version for vitest...
[03:56:35.701] [DEBUG] Executing command: yarn list --pattern "vitest" --json --recursive vitest
[03:56:40.704] [DEBUG] No installations found for vitest
[03:56:40.704] [DEBUG] Getting installed version for msw...
[03:56:40.704] [DEBUG] Executing command: yarn list --pattern "msw" --json --recursive msw
[03:56:45.729] [DEBUG] No installations found for msw
[03:56:45.735] [DEBUG] Using cached package.json for /tmp/475415216c9dd67068b66b70c35a4fc2/package.json...
[03:56:45.735] [DEBUG] Using cached version for storybook...
[03:56:45.735] [DEBUG] Getting CLI versions from NPM for @storybook/server-webpack5...
[03:56:45.735] [DEBUG] Executing command: yarn info @storybook/server-webpack5 version --json
[03:56:45.739] [DEBUG] Getting CLI versions from NPM for @storybook/addon-webpack5-compiler-swc...
[03:56:45.739] [DEBUG] Executing command: yarn info @storybook/addon-webpack5-compiler-swc version --json
[03:56:45.743] [DEBUG] Getting CLI versions from NPM for @storybook/addon-a11y...
[03:56:45.743] [DEBUG] Executing command: yarn info @storybook/addon-a11y version --json
[03:56:45.748] [DEBUG] Getting CLI versions from NPM for @storybook/addon-docs...
[03:56:45.748] [DEBUG] Executing command: yarn info @storybook/addon-docs version --json
[03:56:46.452] [INFO] - Configuring main.js
[03:56:46.453] [INFO] - Configuring preview.js
[03:56:46.454] [INFO] - Adding Storybook command to package.json
[03:56:46.455] [DEBUG] Getting package.json info for /tmp/475415216c9dd67068b66b70c35a4fc2/package.json...
[03:56:46.455] [DEBUG] Using cached package.json for /tmp/475415216c9dd67068b66b70c35a4fc2/package.json...
[03:56:46.455] [DEBUG] Using cached package.json for /tmp/475415216c9dd67068b66b70c35a4fc2/package.json...
[03:56:46.455] [INFO] - Copying framework templates
[03:56:46.471] [INFO] Storybook configuration generated
[03:56:46.471] [INFO] Adding devDependencies:
- storybook@^10.6.0-alpha.3
- @storybook/server-webpack5@^10.6.0-alpha.3
- @storybook/addon-webpack5-compiler-swc@^4.0.3
- @storybook/addon-a11y@^10.6.0-alpha.3
- @storybook/addon-docs@^10.6.0-alpha.3
[03:56:46.472] [DEBUG] Using cached package.json for /tmp/475415216c9dd67068b66b70c35a4fc2/package.json...
[03:56:46.472] [DEBUG] Using cached version for storybook...
[03:56:46.472] [DEBUG] Using cached version for @storybook/server-webpack5...
[03:56:46.472] [DEBUG] Using cached version for @storybook/addon-webpack5-compiler-swc...
[03:56:46.472] [DEBUG] Using cached version for @storybook/addon-a11y...
[03:56:46.472] [DEBUG] Using cached version for @storybook/addon-docs...
[03:56:46.472] [DEBUG] Using cached package.json for /tmp/475415216c9dd67068b66b70c35a4fc2/package.json...
[03:56:46.472] [INFO] Dependencies added to package.json
[03:56:46.473] [INFO] Installing dependencies...
[03:56:46.473] [INFO] Installing dependencies...
[03:56:46.473] [DEBUG] Executing command: yarn install
[03:56:46.839] [INFO] Installing dependencies...: yarn install v1.22.22

[03:56:46.839] [INFO] Installing dependencies...: yarn install v1.22.22
[03:56:46.863] [INFO] Installing dependencies...: [1/4] Resolving packages...

[03:56:46.863] [INFO] Installing dependencies...: [1/4] Resolving packages.
[03:56:51.627] [INFO] Installing dependencies...: [2/4] Fetching packages...

[03:56:51.627] [INFO] Installing dependencies...: [2/4] Fetching packages..
[03:56:52.038] [INFO] Installing dependencies...: [3/4] Linking dependencies...

[03:56:52.038] [INFO] Installing dependencies...: [3/4] Linking dependencie
[03:56:53.657] [INFO] Installing dependencies...: [4/4] Building fresh packages...

[03:56:53.657] [INFO] Installing dependencies...: [4/4] Building fresh pack
[03:56:53.802] [INFO] Installing dependencies...: success Saved lockfile.

[03:56:53.802] [INFO] Installing dependencies...: success Saved lockfile.
[03:56:53.805] [INFO] Installing dependencies...: Done in 6.97s.

[03:56:53.805] [INFO] Installing dependencies...: Done in 6.97s.
[03:56:53.857] [INFO] Dependencies installed
[03:56:53.857] [INFO] Dependencies installed
[03:56:53.859] [INFO] Configuring @storybook/addon-a11y...
[03:56:53.859] [DEBUG] Executing command: yarn exec storybook -- automigrate addon-a11y-addon-test --loglevel silent --skip-doctor --yes --package-manager yarn1 --config-dir .storybook
[03:56:55.115] [DEBUG] {
  "shortMessage": "Command failed with exit code 1: yarn exec storybook -- automigrate addon-a11y-addon-test --loglevel silent --skip-doctor --yes --package-manager yarn1 --config-dir .storybook",
  "command": "yarn exec storybook -- automigrate addon-a11y-addon-test --loglevel silent --skip-doctor --yes --package-manager yarn1 --config-dir .storybook",
  "escapedCommand": "yarn exec storybook -- automigrate addon-a11y-addon-test --loglevel silent --skip-doctor --yes --package-manager yarn1 --config-dir .storybook",
  "cwd": "/tmp/475415216c9dd67068b66b70c35a4fc2",
  "durationMs": 1255.651118,
  "failed": true,
  "timedOut": false,
  "isCanceled": false,
  "isGracefullyCanceled": false,
  "isTerminated": false,
  "isMaxBuffer": false,
  "isForcefullyTerminated": false,
  "exitCode": 1,
  "stdout": "yarn exec v1.22.22\nyarn run v1.22.22\ninfo Visit https://yarnpkg.com/en/docs/cli/run for documentation about this command.\ninfo Visit https://yarnpkg.com/en/docs/cli/exec for documentation about this command.",
  "stderr": "error Command \"dlx\" not found.\nerror Command failed.\nExit code: 1\nCommand: storybook\nArguments: automigrate addon-a11y-addon-test --loglevel silent --skip-doctor --yes --package-manager yarn1 --config-dir .storybook\nDirectory: /tmp/475415216c9dd67068b66b70c35a4fc2\nOutput:\n",
  "stdio": [
    null,
    "yarn exec v1.22.22\nyarn run v1.22.22\ninfo Visit https://yarnpkg.com/en/docs/cli/run for documentation about this command.\ninfo Visit https://yarnpkg.com/en/docs/cli/exec for documentation about this command.",
    "error Command \"dlx\" not found.\nerror Command failed.\nExit code: 1\nCommand: storybook\nArguments: automigrate addon-a11y-addon-test --loglevel silent --skip-doctor --yes --package-manager yarn1 --config-dir .storybook\nDirectory: /tmp/475415216c9dd67068b66b70c35a4fc2\nOutput:\n"
  ],
  "ipcOutput": [],
  "pipedFrom": []
}
[03:56:55.115] [INFO] Configuring @storybook/addon-docs...
[03:56:55.146] [WARN] Could not resolve the postinstall hook of @storybook/addon-docs, skipping its configuration. Run `npx storybook add @storybook/addon-docs` to set it up manually.
[03:56:55.148] [INFO] @storybook/addon-docs configured

[03:56:55.148] [INFO] Failed to configure addons
[03:56:55.148] [INFO] [2m❌ @storybook/addon-a11y[22m
[03:56:55.149] [INFO] [2m✅ @storybook/addon-docs[22m
[03:56:55.149] [WARN] Storybook setup completed, but some non-blocking errors occurred. Please check the log file below for details.
[03:56:55.150] [INFO] To run Storybook, run [36myarn storybook[39m. CTRL+C to stop.
[03:56:55.151] [INFO] Want to learn more about Storybook? [36mhttps://storybook.js.org/[39m
Having trouble or want to chat? [36mhttps://discord.gg/storybook/[39m