[04:14:58.349] [INFO] [36mInitializing Storybook[39m
[04:14:58.357] [DEBUG] Getting package.json info for /tmp/72521d84d00f197d7bdca4f98c77a9bd/package.json...
[04:14:58.357] [INFO] Package manager: Yarn Classic (v1)
[04:14:58.358] [DEBUG] Getting CLI versions from NPM for storybook...
[04:14:58.358] [DEBUG] Executing command: yarn info storybook version --json
[04:14:58.783] [WARN] This is a pre-release version: 10.6.0-alpha.3
[04:14:58.784] [DEBUG] Using cached package.json for /tmp/72521d84d00f197d7bdca4f98c77a9bd/package.json...
[04:14:58.785] [DEBUG] Project type detected: react
[04:14:58.785] [DEBUG] Using cached package.json for /tmp/72521d84d00f197d7bdca4f98c77a9bd/package.json...
[04:14:58.786] [DEBUG] Using cached package.json for /tmp/72521d84d00f197d7bdca4f98c77a9bd/package.json...
[04:14:58.786] [INFO] Framework detected: react-webpack5
[04:14:58.786] [DEBUG] Getting installed version for vitest...
[04:14:58.787] [DEBUG] Executing command: yarn list --pattern "vitest" --json --recursive vitest
[04:15:09.777] [DEBUG] No installations found for vitest
[04:15:09.777] [DEBUG] Getting installed version for msw...
[04:15:09.777] [DEBUG] Executing command: yarn list --pattern "msw" --json --recursive msw
[04:15:20.074] [DEBUG] No installations found for msw
[04:15:20.080] [DEBUG] Using cached package.json for /tmp/72521d84d00f197d7bdca4f98c77a9bd/package.json...
[04:15:20.080] [DEBUG] Using cached version for storybook...
[04:15:20.080] [DEBUG] Getting CLI versions from NPM for @storybook/react-webpack5...
[04:15:20.080] [DEBUG] Executing command: yarn info @storybook/react-webpack5 version --json
[04:15:20.084] [DEBUG] Getting CLI versions from NPM for @storybook/addon-webpack5-compiler-swc...
[04:15:20.084] [DEBUG] Executing command: yarn info @storybook/addon-webpack5-compiler-swc version --json
[04:15:20.088] [DEBUG] Getting CLI versions from NPM for @storybook/addon-a11y...
[04:15:20.088] [DEBUG] Executing command: yarn info @storybook/addon-a11y version --json
[04:15:20.092] [DEBUG] Getting CLI versions from NPM for @storybook/addon-docs...
[04:15:20.092] [DEBUG] Executing command: yarn info @storybook/addon-docs version --json
[04:15:20.096] [DEBUG] Getting CLI versions from NPM for @storybook/addon-onboarding...
[04:15:20.096] [DEBUG] Executing command: yarn info @storybook/addon-onboarding version --json
[04:15:21.108] [INFO] - Configuring main.ts
[04:15:21.109] [INFO] - Configuring preview.ts
[04:15:21.110] [INFO] - Adding Storybook command to package.json
[04:15:21.111] [DEBUG] Getting package.json info for /tmp/72521d84d00f197d7bdca4f98c77a9bd/package.json...
[04:15:21.111] [DEBUG] Using cached package.json for /tmp/72521d84d00f197d7bdca4f98c77a9bd/package.json...
[04:15:21.111] [DEBUG] Using cached package.json for /tmp/72521d84d00f197d7bdca4f98c77a9bd/package.json...
[04:15:21.111] [INFO] - Copying framework templates
[04:15:21.125] [INFO] Storybook configuration generated
[04:15:21.125] [INFO] Adding devDependencies:
- storybook@^10.6.0-alpha.3
- @storybook/react-webpack5@^10.6.0-alpha.3
- @storybook/addon-webpack5-compiler-swc@^4.0.3
- @storybook/addon-a11y@^10.6.0-alpha.3
- @storybook/addon-docs@^10.6.0-alpha.3
- @storybook/addon-onboarding@^10.6.0-alpha.3
[04:15:21.126] [DEBUG] Using cached package.json for /tmp/72521d84d00f197d7bdca4f98c77a9bd/package.json...
[04:15:21.126] [DEBUG] Using cached version for storybook...
[04:15:21.126] [DEBUG] Using cached version for @storybook/react-webpack5...
[04:15:21.126] [DEBUG] Using cached version for @storybook/addon-webpack5-compiler-swc...
[04:15:21.126] [DEBUG] Using cached version for @storybook/addon-a11y...
[04:15:21.126] [DEBUG] Using cached version for @storybook/addon-docs...
[04:15:21.126] [DEBUG] Using cached version for @storybook/addon-onboarding...
[04:15:21.126] [DEBUG] Using cached package.json for /tmp/72521d84d00f197d7bdca4f98c77a9bd/package.json...
[04:15:21.127] [INFO] Dependencies added to package.json
[04:15:21.127] [INFO] Installing dependencies...
[04:15:21.127] [INFO] Installing dependencies...
[04:15:21.127] [DEBUG] Executing command: yarn install
[04:15:21.483] [INFO] Installing dependencies...: yarn install v1.22.22

[04:15:21.483] [INFO] Installing dependencies...: yarn install v1.22.22
[04:15:21.513] [INFO] Installing dependencies...: [1/4] Resolving packages...

[04:15:21.513] [INFO] Installing dependencies...: [1/4] Resolving packages.
[04:15:32.454] [INFO] Installing dependencies...: [2/4] Fetching packages...

[04:15:32.454] [INFO] Installing dependencies...: [2/4] Fetching packages..
[04:15:32.941] [INFO] Installing dependencies...: [3/4] Linking dependencies...

[04:15:32.941] [INFO] Installing dependencies...: [3/4] Linking dependencie
[04:15:36.094] [INFO] Installing dependencies...: [4/4] Building fresh packages...

[04:15:36.095] [INFO] Installing dependencies...: [4/4] Building fresh pack
[04:15:36.259] [INFO] Installing dependencies...: success Saved lockfile.

[04:15:36.259] [INFO] Installing dependencies...: success Saved lockfile.
[04:15:36.263] [INFO] Installing dependencies...: Done in 14.78s.

[04:15:36.263] [INFO] Installing dependencies...: Done in 14.78s.
[04:15:36.332] [INFO] Dependencies installed
[04:15:36.332] [INFO] Dependencies installed
[04:15:36.334] [INFO] Configuring @storybook/addon-a11y...
[04:15:36.334] [DEBUG] Executing command: yarn exec storybook -- automigrate addon-a11y-addon-test --loglevel silent --skip-doctor --yes --package-manager yarn1 --config-dir .storybook
[04:15:37.575] [DEBUG] {
  "shortMessage": "Command failed with exit code 1: yarn exec storybook -- automigrate addon-a11y-addon-test --loglevel silent --skip-doctor --yes --package-manager yarn1 --config-dir .storybook",
  "command": "yarn exec storybook -- automigrate addon-a11y-addon-test --loglevel silent --skip-doctor --yes --package-manager yarn1 --config-dir .storybook",
  "escapedCommand": "yarn exec storybook -- automigrate addon-a11y-addon-test --loglevel silent --skip-doctor --yes --package-manager yarn1 --config-dir .storybook",
  "cwd": "/tmp/72521d84d00f197d7bdca4f98c77a9bd",
  "durationMs": 1241.147807,
  "failed": true,
  "timedOut": false,
  "isCanceled": false,
  "isGracefullyCanceled": false,
  "isTerminated": false,
  "isMaxBuffer": false,
  "isForcefullyTerminated": false,
  "exitCode": 1,
  "stdout": "yarn exec v1.22.22\nyarn run v1.22.22\ninfo Visit https://yarnpkg.com/en/docs/cli/run for documentation about this command.\ninfo Visit https://yarnpkg.com/en/docs/cli/exec for documentation about this command.",
  "stderr": "error Command \"dlx\" not found.\nerror Command failed.\nExit code: 1\nCommand: storybook\nArguments: automigrate addon-a11y-addon-test --loglevel silent --skip-doctor --yes --package-manager yarn1 --config-dir .storybook\nDirectory: /tmp/72521d84d00f197d7bdca4f98c77a9bd\nOutput:\n",
  "stdio": [
    null,
    "yarn exec v1.22.22\nyarn run v1.22.22\ninfo Visit https://yarnpkg.com/en/docs/cli/run for documentation about this command.\ninfo Visit https://yarnpkg.com/en/docs/cli/exec for documentation about this command.",
    "error Command \"dlx\" not found.\nerror Command failed.\nExit code: 1\nCommand: storybook\nArguments: automigrate addon-a11y-addon-test --loglevel silent --skip-doctor --yes --package-manager yarn1 --config-dir .storybook\nDirectory: /tmp/72521d84d00f197d7bdca4f98c77a9bd\nOutput:\n"
  ],
  "ipcOutput": [],
  "pipedFrom": []
}
[04:15:37.575] [INFO] Configuring @storybook/addon-docs...
[04:15:37.603] [WARN] Could not resolve the postinstall hook of @storybook/addon-docs, skipping its configuration. Run `npx storybook add @storybook/addon-docs` to set it up manually.
[04:15:37.605] [INFO] @storybook/addon-docs configured

[04:15:37.605] [INFO] Configuring @storybook/addon-onboarding...
[04:15:37.634] [WARN] Could not resolve the postinstall hook of @storybook/addon-onboarding, skipping its configuration. Run `npx storybook add @storybook/addon-onboarding` to set it up manually.
[04:15:37.635] [INFO] @storybook/addon-onboarding configured

[04:15:37.635] [INFO] Failed to configure addons
[04:15:37.635] [INFO] [2m❌ @storybook/addon-a11y[22m
[04:15:37.636] [INFO] [2m✅ @storybook/addon-docs[22m
[04:15:37.636] [INFO] [2m✅ @storybook/addon-onboarding[22m
[04:15:37.637] [WARN] Storybook setup completed, but some non-blocking errors occurred. Please check the log file below for details.
[04:15:37.637] [INFO] To run Storybook, run [36myarn storybook[39m. CTRL+C to stop.
[04:15:37.638] [INFO] Want to learn more about Storybook? [36mhttps://storybook.js.org/[39m
Having trouble or want to chat? [36mhttps://discord.gg/storybook/[39m