[03:31:08.988] [INFO] [36mInitializing Storybook[39m
[03:31:08.996] [DEBUG] Getting package.json info for /tmp/5f4c67286b53fd5155d3861fe95a78e8/package.json...
[03:31:08.996] [INFO] Package manager: Yarn Classic (v1)
[03:31:08.997] [DEBUG] Getting CLI versions from NPM for storybook...
[03:31:08.997] [DEBUG] Executing command: yarn info storybook version --json
[03:31:09.434] [WARN] This is a pre-release version: 10.6.0-alpha.3
[03:31:09.434] [DEBUG] Using cached package.json for /tmp/5f4c67286b53fd5155d3861fe95a78e8/package.json...
[03:31:09.435] [DEBUG] Project type detected: react
[03:31:09.435] [DEBUG] Using cached package.json for /tmp/5f4c67286b53fd5155d3861fe95a78e8/package.json...
[03:31:09.436] [DEBUG] Using cached package.json for /tmp/5f4c67286b53fd5155d3861fe95a78e8/package.json...
[03:31:09.436] [INFO] Framework detected: react-webpack5
[03:31:09.437] [DEBUG] Getting installed version for vitest...
[03:31:09.437] [DEBUG] Executing command: yarn list --pattern "vitest" --json --recursive vitest
[03:31:15.286] [DEBUG] No installations found for vitest
[03:31:15.286] [DEBUG] Getting installed version for msw...
[03:31:15.286] [DEBUG] Executing command: yarn list --pattern "msw" --json --recursive msw
[03:31:21.566] [DEBUG] No installations found for msw
[03:31:21.572] [DEBUG] Using cached package.json for /tmp/5f4c67286b53fd5155d3861fe95a78e8/package.json...
[03:31:21.572] [DEBUG] Using cached version for storybook...
[03:31:21.572] [DEBUG] Getting CLI versions from NPM for @storybook/react-webpack5...
[03:31:21.572] [DEBUG] Executing command: yarn info @storybook/react-webpack5 version --json
[03:31:21.576] [DEBUG] Getting CLI versions from NPM for @storybook/addon-webpack5-compiler-swc...
[03:31:21.576] [DEBUG] Executing command: yarn info @storybook/addon-webpack5-compiler-swc version --json
[03:31:21.579] [DEBUG] Getting CLI versions from NPM for @storybook/addon-a11y...
[03:31:21.579] [DEBUG] Executing command: yarn info @storybook/addon-a11y version --json
[03:31:21.584] [DEBUG] Getting CLI versions from NPM for @storybook/addon-docs...
[03:31:21.584] [DEBUG] Executing command: yarn info @storybook/addon-docs version --json
[03:31:21.590] [DEBUG] Getting CLI versions from NPM for @storybook/addon-onboarding...
[03:31:21.590] [DEBUG] Executing command: yarn info @storybook/addon-onboarding version --json
[03:31:22.471] [INFO] - Configuring main.ts
[03:31:22.472] [INFO] - Configuring preview.ts
[03:31:22.473] [INFO] - Adding Storybook command to package.json
[03:31:22.474] [DEBUG] Getting package.json info for /tmp/5f4c67286b53fd5155d3861fe95a78e8/package.json...
[03:31:22.474] [DEBUG] Using cached package.json for /tmp/5f4c67286b53fd5155d3861fe95a78e8/package.json...
[03:31:22.474] [DEBUG] Using cached package.json for /tmp/5f4c67286b53fd5155d3861fe95a78e8/package.json...
[03:31:22.474] [INFO] - Copying framework templates
[03:31:22.490] [INFO] Storybook configuration generated
[03:31:22.491] [INFO] Adding devDependencies:
- storybook@^10.6.0-alpha.3
- @storybook/react-webpack5@^10.6.0-alpha.3
- @storybook/addon-webpack5-compiler-swc@^4.0.3
- @storybook/addon-a11y@^10.6.0-alpha.3
- @storybook/addon-docs@^10.6.0-alpha.3
- @storybook/addon-onboarding@^10.6.0-alpha.3
[03:31:22.491] [DEBUG] Using cached package.json for /tmp/5f4c67286b53fd5155d3861fe95a78e8/package.json...
[03:31:22.491] [DEBUG] Using cached version for storybook...
[03:31:22.491] [DEBUG] Using cached version for @storybook/react-webpack5...
[03:31:22.491] [DEBUG] Using cached version for @storybook/addon-webpack5-compiler-swc...
[03:31:22.491] [DEBUG] Using cached version for @storybook/addon-a11y...
[03:31:22.491] [DEBUG] Using cached version for @storybook/addon-docs...
[03:31:22.492] [DEBUG] Using cached version for @storybook/addon-onboarding...
[03:31:22.492] [DEBUG] Using cached package.json for /tmp/5f4c67286b53fd5155d3861fe95a78e8/package.json...
[03:31:22.492] [INFO] Dependencies added to package.json
[03:31:22.492] [INFO] Installing dependencies...
[03:31:22.492] [INFO] Installing dependencies...
[03:31:22.492] [DEBUG] Executing command: yarn install
[03:31:22.864] [INFO] Installing dependencies...: yarn install v1.22.22

[03:31:22.864] [INFO] Installing dependencies...: yarn install v1.22.22
[03:31:22.898] [INFO] Installing dependencies...: [1/4] Resolving packages...

[03:31:22.898] [INFO] Installing dependencies...: [1/4] Resolving packages.
[03:31:28.670] [INFO] Installing dependencies...: [2/4] Fetching packages...

[03:31:28.670] [INFO] Installing dependencies...: [2/4] Fetching packages..
[03:31:29.290] [INFO] Installing dependencies...: [3/4] Linking dependencies...

[03:31:29.290] [INFO] Installing dependencies...: [3/4] Linking dependencie
[03:31:32.614] [INFO] Installing dependencies...: [4/4] Building fresh packages...

[03:31:32.614] [INFO] Installing dependencies...: [4/4] Building fresh pack
[03:31:32.779] [INFO] Installing dependencies...: success Saved lockfile.

[03:31:32.779] [INFO] Installing dependencies...: success Saved lockfile.
[03:31:32.783] [INFO] Installing dependencies...: Done in 9.92s.

[03:31:32.783] [INFO] Installing dependencies...: Done in 9.92s.
[03:31:32.844] [INFO] Dependencies installed
[03:31:32.844] [INFO] Dependencies installed
[03:31:32.846] [INFO] Configuring @storybook/addon-a11y...
[03:31:32.847] [DEBUG] Executing command: yarn exec storybook -- automigrate addon-a11y-addon-test --loglevel silent --skip-doctor --yes --package-manager yarn1 --config-dir .storybook
[03:31:34.111] [DEBUG] {
  "shortMessage": "Command failed with exit code 1: yarn exec storybook -- automigrate addon-a11y-addon-test --loglevel silent --skip-doctor --yes --package-manager yarn1 --config-dir .storybook",
  "command": "yarn exec storybook -- automigrate addon-a11y-addon-test --loglevel silent --skip-doctor --yes --package-manager yarn1 --config-dir .storybook",
  "escapedCommand": "yarn exec storybook -- automigrate addon-a11y-addon-test --loglevel silent --skip-doctor --yes --package-manager yarn1 --config-dir .storybook",
  "cwd": "/tmp/5f4c67286b53fd5155d3861fe95a78e8",
  "durationMs": 1264.195149,
  "failed": true,
  "timedOut": false,
  "isCanceled": false,
  "isGracefullyCanceled": false,
  "isTerminated": false,
  "isMaxBuffer": false,
  "isForcefullyTerminated": false,
  "exitCode": 1,
  "stdout": "yarn exec v1.22.22\nyarn run v1.22.22\ninfo Visit https://yarnpkg.com/en/docs/cli/run for documentation about this command.\ninfo Visit https://yarnpkg.com/en/docs/cli/exec for documentation about this command.",
  "stderr": "error Command \"dlx\" not found.\nerror Command failed.\nExit code: 1\nCommand: storybook\nArguments: automigrate addon-a11y-addon-test --loglevel silent --skip-doctor --yes --package-manager yarn1 --config-dir .storybook\nDirectory: /tmp/5f4c67286b53fd5155d3861fe95a78e8\nOutput:\n",
  "stdio": [
    null,
    "yarn exec v1.22.22\nyarn run v1.22.22\ninfo Visit https://yarnpkg.com/en/docs/cli/run for documentation about this command.\ninfo Visit https://yarnpkg.com/en/docs/cli/exec for documentation about this command.",
    "error Command \"dlx\" not found.\nerror Command failed.\nExit code: 1\nCommand: storybook\nArguments: automigrate addon-a11y-addon-test --loglevel silent --skip-doctor --yes --package-manager yarn1 --config-dir .storybook\nDirectory: /tmp/5f4c67286b53fd5155d3861fe95a78e8\nOutput:\n"
  ],
  "ipcOutput": [],
  "pipedFrom": []
}
[03:31:34.111] [INFO] Configuring @storybook/addon-docs...
[03:31:34.140] [WARN] Could not resolve the postinstall hook of @storybook/addon-docs, skipping its configuration. Run `npx storybook add @storybook/addon-docs` to set it up manually.
[03:31:34.142] [INFO] @storybook/addon-docs configured

[03:31:34.142] [INFO] Configuring @storybook/addon-onboarding...
[03:31:34.168] [WARN] Could not resolve the postinstall hook of @storybook/addon-onboarding, skipping its configuration. Run `npx storybook add @storybook/addon-onboarding` to set it up manually.
[03:31:34.170] [INFO] @storybook/addon-onboarding configured

[03:31:34.170] [INFO] Failed to configure addons
[03:31:34.170] [INFO] [2m❌ @storybook/addon-a11y[22m
[03:31:34.172] [INFO] [2m✅ @storybook/addon-docs[22m
[03:31:34.172] [INFO] [2m✅ @storybook/addon-onboarding[22m
[03:31:34.172] [WARN] Storybook setup completed, but some non-blocking errors occurred. Please check the log file below for details.
[03:31:34.174] [INFO] To run Storybook, run [36myarn storybook[39m. CTRL+C to stop.
[03:31:34.175] [INFO] Want to learn more about Storybook? [36mhttps://storybook.js.org/[39m
Having trouble or want to chat? [36mhttps://discord.gg/storybook/[39m