[03:59:24.192] [INFO] [36mInitializing Storybook[39m
[03:59:24.201] [DEBUG] Getting package.json info for /tmp/d8052693981d744bfd06cf9b15e1b8c1/package.json...
[03:59:24.201] [INFO] Package manager: Yarn Classic (v1)
[03:59:24.202] [DEBUG] Getting CLI versions from NPM for storybook...
[03:59:24.202] [DEBUG] Executing command: yarn info storybook version --json
[03:59:24.642] [WARN] This is a pre-release version: 10.6.0-alpha.3
[03:59:24.642] [DEBUG] Using cached package.json for /tmp/d8052693981d744bfd06cf9b15e1b8c1/package.json...
[03:59:24.643] [DEBUG] Project type detected: react
[03:59:24.643] [DEBUG] Using cached package.json for /tmp/d8052693981d744bfd06cf9b15e1b8c1/package.json...
[03:59:24.644] [DEBUG] Using cached package.json for /tmp/d8052693981d744bfd06cf9b15e1b8c1/package.json...
[03:59:24.644] [INFO] Framework detected: react-webpack5
[03:59:24.644] [DEBUG] Getting installed version for vitest...
[03:59:24.645] [DEBUG] Executing command: yarn list --pattern "vitest" --json --recursive vitest
[03:59:30.604] [DEBUG] No installations found for vitest
[03:59:30.604] [DEBUG] Getting installed version for msw...
[03:59:30.604] [DEBUG] Executing command: yarn list --pattern "msw" --json --recursive msw
[03:59:36.515] [DEBUG] No installations found for msw
[03:59:36.520] [DEBUG] Using cached package.json for /tmp/d8052693981d744bfd06cf9b15e1b8c1/package.json...
[03:59:36.521] [DEBUG] Using cached version for storybook...
[03:59:36.521] [DEBUG] Getting CLI versions from NPM for @storybook/react-webpack5...
[03:59:36.521] [DEBUG] Executing command: yarn info @storybook/react-webpack5 version --json
[03:59:36.525] [DEBUG] Getting CLI versions from NPM for @storybook/addon-webpack5-compiler-swc...
[03:59:36.525] [DEBUG] Executing command: yarn info @storybook/addon-webpack5-compiler-swc version --json
[03:59:36.528] [DEBUG] Getting CLI versions from NPM for @storybook/addon-a11y...
[03:59:36.528] [DEBUG] Executing command: yarn info @storybook/addon-a11y version --json
[03:59:36.536] [DEBUG] Getting CLI versions from NPM for @storybook/addon-docs...
[03:59:36.536] [DEBUG] Executing command: yarn info @storybook/addon-docs version --json
[03:59:36.541] [DEBUG] Getting CLI versions from NPM for @storybook/addon-onboarding...
[03:59:36.541] [DEBUG] Executing command: yarn info @storybook/addon-onboarding version --json
[03:59:37.470] [INFO] - Configuring main.ts
[03:59:37.471] [INFO] - Configuring preview.ts
[03:59:37.472] [INFO] - Adding Storybook command to package.json
[03:59:37.473] [DEBUG] Getting package.json info for /tmp/d8052693981d744bfd06cf9b15e1b8c1/package.json...
[03:59:37.473] [DEBUG] Using cached package.json for /tmp/d8052693981d744bfd06cf9b15e1b8c1/package.json...
[03:59:37.473] [DEBUG] Using cached package.json for /tmp/d8052693981d744bfd06cf9b15e1b8c1/package.json...
[03:59:37.473] [INFO] - Copying framework templates
[03:59:37.488] [INFO] Storybook configuration generated
[03:59:37.488] [INFO] Adding devDependencies:
- storybook@^10.6.0-alpha.3
- @storybook/react-webpack5@^10.6.0-alpha.3
- @storybook/addon-webpack5-compiler-swc@^4.0.3
- @storybook/addon-a11y@^10.6.0-alpha.3
- @storybook/addon-docs@^10.6.0-alpha.3
- @storybook/addon-onboarding@^10.6.0-alpha.3
[03:59:37.489] [DEBUG] Using cached package.json for /tmp/d8052693981d744bfd06cf9b15e1b8c1/package.json...
[03:59:37.489] [DEBUG] Using cached version for storybook...
[03:59:37.489] [DEBUG] Using cached version for @storybook/react-webpack5...
[03:59:37.489] [DEBUG] Using cached version for @storybook/addon-webpack5-compiler-swc...
[03:59:37.489] [DEBUG] Using cached version for @storybook/addon-a11y...
[03:59:37.489] [DEBUG] Using cached version for @storybook/addon-docs...
[03:59:37.489] [DEBUG] Using cached version for @storybook/addon-onboarding...
[03:59:37.489] [DEBUG] Using cached package.json for /tmp/d8052693981d744bfd06cf9b15e1b8c1/package.json...
[03:59:37.489] [INFO] Dependencies added to package.json
[03:59:37.490] [INFO] Installing dependencies...
[03:59:37.490] [INFO] Installing dependencies...
[03:59:37.490] [DEBUG] Executing command: yarn install
[03:59:37.855] [INFO] Installing dependencies...: yarn install v1.22.22

[03:59:37.855] [INFO] Installing dependencies...: yarn install v1.22.22
[03:59:37.887] [INFO] Installing dependencies...: [1/4] Resolving packages...

[03:59:37.887] [INFO] Installing dependencies...: [1/4] Resolving packages.
[03:59:43.248] [INFO] Installing dependencies...: [2/4] Fetching packages...

[03:59:43.248] [INFO] Installing dependencies...: [2/4] Fetching packages..
[03:59:43.880] [INFO] Installing dependencies...: [3/4] Linking dependencies...

[03:59:43.880] [INFO] Installing dependencies...: [3/4] Linking dependencie
[03:59:46.988] [INFO] Installing dependencies...: [4/4] Building fresh packages...

[03:59:46.988] [INFO] Installing dependencies...: [4/4] Building fresh pack
[03:59:47.149] [INFO] Installing dependencies...: success Saved lockfile.

[03:59:47.149] [INFO] Installing dependencies...: success Saved lockfile.
[03:59:47.153] [INFO] Installing dependencies...: Done in 9.30s.

[03:59:47.153] [INFO] Installing dependencies...: Done in 9.30s.
[03:59:47.220] [INFO] Dependencies installed
[03:59:47.220] [INFO] Dependencies installed
[03:59:47.222] [INFO] Configuring @storybook/addon-a11y...
[03:59:47.223] [DEBUG] Executing command: yarn exec storybook -- automigrate addon-a11y-addon-test --loglevel silent --skip-doctor --yes --package-manager yarn1 --config-dir .storybook
[03:59:48.510] [DEBUG] {
  "shortMessage": "Command failed with exit code 1: yarn exec storybook -- automigrate addon-a11y-addon-test --loglevel silent --skip-doctor --yes --package-manager yarn1 --config-dir .storybook",
  "command": "yarn exec storybook -- automigrate addon-a11y-addon-test --loglevel silent --skip-doctor --yes --package-manager yarn1 --config-dir .storybook",
  "escapedCommand": "yarn exec storybook -- automigrate addon-a11y-addon-test --loglevel silent --skip-doctor --yes --package-manager yarn1 --config-dir .storybook",
  "cwd": "/tmp/d8052693981d744bfd06cf9b15e1b8c1",
  "durationMs": 1287.607089,
  "failed": true,
  "timedOut": false,
  "isCanceled": false,
  "isGracefullyCanceled": false,
  "isTerminated": false,
  "isMaxBuffer": false,
  "isForcefullyTerminated": false,
  "exitCode": 1,
  "stdout": "yarn exec v1.22.22\nyarn run v1.22.22\ninfo Visit https://yarnpkg.com/en/docs/cli/run for documentation about this command.\ninfo Visit https://yarnpkg.com/en/docs/cli/exec for documentation about this command.",
  "stderr": "error Command \"dlx\" not found.\nerror Command failed.\nExit code: 1\nCommand: storybook\nArguments: automigrate addon-a11y-addon-test --loglevel silent --skip-doctor --yes --package-manager yarn1 --config-dir .storybook\nDirectory: /tmp/d8052693981d744bfd06cf9b15e1b8c1\nOutput:\n",
  "stdio": [
    null,
    "yarn exec v1.22.22\nyarn run v1.22.22\ninfo Visit https://yarnpkg.com/en/docs/cli/run for documentation about this command.\ninfo Visit https://yarnpkg.com/en/docs/cli/exec for documentation about this command.",
    "error Command \"dlx\" not found.\nerror Command failed.\nExit code: 1\nCommand: storybook\nArguments: automigrate addon-a11y-addon-test --loglevel silent --skip-doctor --yes --package-manager yarn1 --config-dir .storybook\nDirectory: /tmp/d8052693981d744bfd06cf9b15e1b8c1\nOutput:\n"
  ],
  "ipcOutput": [],
  "pipedFrom": []
}
[03:59:48.510] [INFO] Configuring @storybook/addon-docs...
[03:59:48.542] [WARN] Could not resolve the postinstall hook of @storybook/addon-docs, skipping its configuration. Run `npx storybook add @storybook/addon-docs` to set it up manually.
[03:59:48.544] [INFO] @storybook/addon-docs configured

[03:59:48.544] [INFO] Configuring @storybook/addon-onboarding...
[03:59:48.572] [WARN] Could not resolve the postinstall hook of @storybook/addon-onboarding, skipping its configuration. Run `npx storybook add @storybook/addon-onboarding` to set it up manually.
[03:59:48.574] [INFO] @storybook/addon-onboarding configured

[03:59:48.574] [INFO] Failed to configure addons
[03:59:48.574] [INFO] [2m❌ @storybook/addon-a11y[22m
[03:59:48.576] [INFO] [2m✅ @storybook/addon-docs[22m
[03:59:48.576] [INFO] [2m✅ @storybook/addon-onboarding[22m
[03:59:48.577] [WARN] Storybook setup completed, but some non-blocking errors occurred. Please check the log file below for details.
[03:59:48.579] [INFO] To run Storybook, run [36myarn storybook[39m. CTRL+C to stop.
[03:59:48.579] [INFO] Want to learn more about Storybook? [36mhttps://storybook.js.org/[39m
Having trouble or want to chat? [36mhttps://discord.gg/storybook/[39m